[1/100] 99d436df A.is_political=False B.is_political=None review_a=False review_b=True
[2/100] d4ef96b9 A.is_political=False B.is_political=None review_a=False review_b=True
[3/100] 5f50ab2c A.is_political=False B.is_political=False review_a=False review_b=False
[4/100] c13a93dd A.is_political=True B.is_political=None review_a=False review_b=True
[5/100] 912a9f1a A.is_political=True B.is_political=True review_a=False review_b=False
[6/100] 09bf96d6 A.is_political=True B.is_political=None review_a=False review_b=True
[7/100] 3d44c05c A.is_political=False B.is_political=None review_a=False review_b=True
[8/100] 68e5fdc5 A.is_political=True B.is_political=None review_a=False review_b=True
[9/100] a7bc338f A.is_political=False B.is_political=False review_a=False review_b=False
[10/100] 2d81a685 A.is_political=False B.is_political=None review_a=False review_b=True
[11/100] 4b8b5715 A.is_political=False B.is_political=None review_a=False review_b=True
[12/100] 280646ac A.is_political=True B.is_political=None review_a=False review_b=True
[13/100] 9f8d7eba A.is_political=False B.is_political=None review_a=False review_b=True
[14/100] d4ceff79 A.is_political=False B.is_political=False review_a=False review_b=False
[15/100] 8f0144dd A.is_political=False B.is_political=None review_a=False review_b=True
[16/100] 71e88377 A.is_political=True B.is_political=None review_a=False review_b=True
[17/100] 0fb96cb0 A.is_political=False B.is_political=None review_a=False review_b=True
[18/100] 5475e750 A.is_political=None B.is_political=None review_a=True review_b=True
[19/100] 3e1865bf A.is_political=False B.is_political=None review_a=False review_b=True
[20/100] bfb4cc53 A.is_political=False B.is_political=None review_a=False review_b=True
[21/100] daa9883e A.is_political=True B.is_political=None review_a=False review_b=True
[22/100] 72c628cc A.is_political=False B.is_political=None review_a=False review_b=True
[23/100] 79ad1dbf A.is_political=False B.is_political=None review_a=False review_b=True
[24/100] a0ca9993 A.is_political=False B.is_political=None review_a=False review_b=True
[25/100] 53918ace A.is_political=False B.is_political=None review_a=False review_b=True
[26/100] f3fe149d A.is_political=True B.is_political=None review_a=False review_b=True
[27/100] 93a244b4 A.is_political=True B.is_political=None review_a=False review_b=True
[28/100] 663935a0 A.is_political=True B.is_political=None review_a=False review_b=True
[29/100] c414be7d A.is_political=True B.is_political=None review_a=False review_b=True
[30/100] 3d1d77bf A.is_political=False B.is_political=None review_a=False review_b=True
[31/100] 56581da6 A.is_political=True B.is_political=None review_a=False review_b=True
[32/100] e408d847 A.is_political=True B.is_political=None review_a=False review_b=True
[33/100] b591bdfa A.is_political=True B.is_political=None review_a=False review_b=True
[34/100] c0aa5626 A.is_political=True B.is_political=True review_a=False review_b=False
[35/100] 8d34d7e3 A.is_political=False B.is_political=False review_a=False review_b=False
[36/100] 3cf645a0 A.is_political=False B.is_political=None review_a=False review_b=True
[37/100] d5c0d4cc A.is_political=False B.is_political=False review_a=False review_b=False
[38/100] 683ba372 A.is_political=False B.is_political=None review_a=False review_b=True
[39/100] 779bf807 A.is_political=True B.is_political=None review_a=False review_b=True
[40/100] 7d077dd9 A.is_political=True B.is_political=True review_a=False review_b=False
[41/100] baaf6094 A.is_political=True B.is_political=None review_a=False review_b=True
[42/100] ad86d051 A.is_political=True B.is_political=None review_a=False review_b=True
[43/100] 8ff17dad A.is_political=False B.is_political=None review_a=False review_b=True
[44/100] 0dc858cb A.is_political=False B.is_political=None review_a=False review_b=True
[45/100] 3771c82c A.is_political=True B.is_political=None review_a=False review_b=True
[46/100] 33ccd229 A.is_political=True B.is_political=True review_a=False review_b=False
[47/100] 556409eb A.is_political=True B.is_political=None review_a=False review_b=True
[48/100] 836ec43e A.is_political=True B.is_political=None review_a=False review_b=True
[49/100] 0197b3c6 A.is_political=None B.is_political=True review_a=True review_b=False
[50/100] ccfe382f A.is_political=True B.is_political=None review_a=False review_b=True
[51/100] b0801ec4 A.is_political=None B.is_political=None review_a=True review_b=True
[52/100] 2a393cfc A.is_political=True B.is_political=None review_a=False review_b=True
[53/100] d0446b96 A.is_political=True B.is_political=None review_a=False review_b=True
[54/100] e6e69b3e A.is_political=False B.is_political=None review_a=False review_b=True
[55/100] 2e4be849 A.is_political=True B.is_political=None review_a=False review_b=True
[56/100] 6ac04da7 A.is_political=False B.is_political=None review_a=False review_b=True
[57/100] dfd10fca A.is_political=False B.is_political=None review_a=False review_b=True
[58/100] 9559a79a A.is_political=False B.is_political=False review_a=False review_b=False
[59/100] 3f701312 A.is_political=False B.is_political=None review_a=False review_b=True
[60/100] 807ea0a6 A.is_political=True B.is_political=True review_a=False review_b=False
[61/100] 23a70565 A.is_political=True B.is_political=None review_a=False review_b=True
[62/100] c68a267a A.is_political=False B.is_political=None review_a=False review_b=True
[63/100] 32b48a01 A.is_political=False B.is_political=False review_a=False review_b=False
[64/100] 585807d7 A.is_political=True B.is_political=True review_a=False review_b=False
[65/100] 1e288aa7 A.is_political=True B.is_political=None review_a=False review_b=True
[66/100] 80f4f7e6 A.is_political=False B.is_political=None review_a=False review_b=True
[67/100] ebe7f71d A.is_political=False B.is_political=None review_a=False review_b=True
[68/100] 0a53730d A.is_political=False B.is_political=None review_a=False review_b=True
[69/100] c60452eb A.is_political=False B.is_political=None review_a=False review_b=True
[70/100] f7f14139 A.is_political=False B.is_political=None review_a=False review_b=True
[71/100] 01b7b1be A.is_political=False B.is_political=None review_a=False review_b=True
[72/100] 6ada5030 A.is_political=False B.is_political=None review_a=False review_b=True
[73/100] 023ae68e A.is_political=True B.is_political=None review_a=False review_b=True
[74/100] cb0d051f A.is_political=False B.is_political=None review_a=False review_b=True
[75/100] c34b49d2 A.is_political=False B.is_political=False review_a=False review_b=False
[76/100] 60abd8a5 A.is_political=True B.is_political=None review_a=False review_b=True
[77/100] 4727d8b5 A.is_political=False B.is_political=None review_a=False review_b=True
[78/100] 0c3d9861 A.is_political=False B.is_political=None review_a=False review_b=True
[79/100] d37eb938 A.is_political=False B.is_political=False review_a=False review_b=False
[80/100] 8ece12a4 A.is_political=False B.is_political=None review_a=False review_b=True
[81/100] bcf971bc A.is_political=False B.is_political=None review_a=False review_b=True
[82/100] 0360c17b A.is_political=False B.is_political=None review_a=False review_b=True
[83/100] d49731db A.is_political=False B.is_political=None review_a=False review_b=True
[84/100] 12437c41 A.is_political=True B.is_political=None review_a=False review_b=True
[85/100] 8d12148a A.is_political=False B.is_political=False review_a=False review_b=False
[86/100] ca3e60de A.is_political=False B.is_political=None review_a=False review_b=True
[87/100] 70d05544 A.is_political=False B.is_political=None review_a=False review_b=True
[88/100] a75fc3a3 A.is_political=False B.is_political=None review_a=False review_b=True
[89/100] 17161bd7 A.is_political=True B.is_political=None review_a=False review_b=True
[90/100] 3c2798ea A.is_political=False B.is_political=None review_a=False review_b=True
[91/100] 183c81ce A.is_political=False B.is_political=False review_a=False review_b=False
[92/100] 844f00e2 A.is_political=False B.is_political=None review_a=False review_b=True
[93/100] 1059c1df A.is_political=True B.is_political=None review_a=False review_b=True
[94/100] 46f35856 A.is_political=False B.is_political=False review_a=False review_b=False
[95/100] cc43e30b A.is_political=True B.is_political=None review_a=False review_b=True
[96/100] cf369368 A.is_political=None B.is_political=None review_a=True review_b=True
[97/100] 9ea817a0 A.is_political=False B.is_political=None review_a=False review_b=True
[98/100] 0078a355 A.is_political=False B.is_political=None review_a=False review_b=True
[99/100] 04b514b0 A.is_political=True B.is_political=None review_a=False review_b=True
[100/100] 68af4a11 A.is_political=False B.is_political=False review_a=False review_b=False

scritte 100 annotazioni in annotations_a.jsonl / annotations_b.jsonl
